// Jest Snapshot v1, https://goo.gl/fbAQLP

exports[`Render form, default 1`] = `"<form style=\\"min-height: 100px;\\" class=\\"ui form\\"><div class=\\"required field\\"><label>S</label><div class=\\"ui input\\"><input readonly=\\"\\" type=\\"text\\" value=\\"Ullamco eiusmod laborum.\\"></div></div><div class=\\"field\\"><label>B</label><div class=\\"ui checked fitted read-only toggle checkbox\\"><input class=\\"hidden\\" readonly=\\"\\" tabindex=\\"0\\" type=\\"checkbox\\" value=\\"\\" checked=\\"\\"><label></label></div></div><div class=\\"required field\\"><label>Dt</label><div class=\\"field\\"><div class=\\"ui icon input\\"><i aria-hidden=\\"true\\" class=\\"calendar icon\\"></i><input readonly=\\"\\" type=\\"text\\" tabindex=\\"0\\" value=\\"2019-04-03T10:26:11.168+01:00\\"></div></div></div><div class=\\"required field\\"><label>I</label><div class=\\"ui input\\"><input readonly=\\"\\" type=\\"number\\" value=\\"27587\\"></div></div><div class=\\"required field\\"><label>D</label><div class=\\"ui input\\"><input readonly=\\"\\" type=\\"number\\" value=\\"70.808\\"></div></div><div class=\\"required field\\"><label>Bar</label><div class=\\"required field\\"><label>T</label><div class=\\"ui input\\"><input readonly=\\"\\" type=\\"text\\" value=\\"Enim.\\"></div></div><div class=\\"required field\\"><label>S</label><div class=\\"ui input\\"><input readonly=\\"\\" type=\\"text\\" value=\\"Magna amet sit.\\"></div></div></div><div class=\\"required field\\"><label>Ss</label><div class=\\"arrayElement grid\\"><div><div class=\\"required field\\"><div class=\\"ui input\\"><input readonly=\\"\\" type=\\"text\\" value=\\"Consectetur enim laborum Lorem fugiat.\\"></div></div></div><div><button class=\\"ui basic icon negative disabled button\\" disabled=\\"\\" tabindex=\\"-1\\"><i aria-hidden=\\"true\\" class=\\"times icon\\"></i></button></div></div><div class=\\"arrayElement grid\\"><div></div><div><button class=\\"ui basic icon positive disabled button\\" disabled=\\"\\" tabindex=\\"-1\\"><i aria-hidden=\\"true\\" class=\\"plus icon\\"></i></button></div></div></div><div class=\\"required field\\"><label>Bs</label><div class=\\"arrayElement grid\\"><div><div class=\\"required field\\"><div class=\\"ui fitted read-only toggle checkbox\\"><input class=\\"hidden\\" readonly=\\"\\" tabindex=\\"0\\" type=\\"checkbox\\" value=\\"\\"><label></label></div></div></div><div><button class=\\"ui basic icon negative disabled button\\" disabled=\\"\\" tabindex=\\"-1\\"><i aria-hidden=\\"true\\" class=\\"times icon\\"></i></button></div></div><div class=\\"arrayElement grid\\"><div></div><div><button class=\\"ui basic icon positive disabled button\\" disabled=\\"\\" tabindex=\\"-1\\"><i aria-hidden=\\"true\\" class=\\"plus icon\\"></i></button></div></div></div><div class=\\"required field\\"><label>Dts</label><div class=\\"arrayElement grid\\"><div><div class=\\"required field\\"><div class=\\"field\\"><div class=\\"ui icon input\\"><i aria-hidden=\\"true\\" class=\\"calendar icon\\"></i><input readonly=\\"\\" type=\\"text\\" tabindex=\\"0\\" value=\\"2019-04-03T10:26:11.168+01:00\\"></div></div></div></div><div><button class=\\"ui basic icon negative disabled button\\" disabled=\\"\\" tabindex=\\"-1\\"><i aria-hidden=\\"true\\" class=\\"times icon\\"></i></button></div></div><div class=\\"arrayElement grid\\"><div></div><div><button class=\\"ui basic icon positive disabled button\\" disabled=\\"\\" tabindex=\\"-1\\"><i aria-hidden=\\"true\\" class=\\"plus icon\\"></i></button></div></div></div><div class=\\"required field\\"><label>Bars</label><div class=\\"arrayElement grid\\"><div><div class=\\"required field\\"><div class=\\"required field\\"><label>T</label><div class=\\"ui input\\"><input readonly=\\"\\" type=\\"text\\" value=\\"Laborum.\\"></div></div><div class=\\"required field\\"><label>S</label><div class=\\"ui input\\"><input readonly=\\"\\" type=\\"text\\" value=\\"Ut mollit.\\"></div></div></div></div><div><button class=\\"ui basic icon negative disabled button\\" disabled=\\"\\" tabindex=\\"-1\\"><i aria-hidden=\\"true\\" class=\\"times icon\\"></i></button></div></div><div class=\\"arrayElement grid\\"><div></div><div><button class=\\"ui basic icon positive disabled button\\" disabled=\\"\\" tabindex=\\"-1\\"><i aria-hidden=\\"true\\" class=\\"plus icon\\"></i></button></div></div></div><div class=\\"required field\\"><label>N</label><div class=\\"required field\\"><div class=\\"ui input\\"><input readonly=\\"\\" type=\\"text\\" value=\\"ONE\\"></div></div></div><div class=\\"required field\\"><label>Ref</label><div class=\\"ui input\\"><input readonly=\\"\\" type=\\"text\\" value=\\"resource:org.hyperledger.concerto.form.test.MyAsset#2256\\"></div></div></form>"`;
