// Jest Snapshot v1, https://goo.gl/fbAQLP

exports[`Error Logger Storyshots Error Logger Error Logger 1`] = `
<div
  className="ui-components__error-wrapper"
>
  <div
    className="sc-hBMVcZ hPvWKK ui-components__error-header"
    onClick={[Function]}
  >
    <i
      aria-hidden="true"
      className="exclamation triangle small icon sc-fnVYJo bBsJEB"
      onClick={[Function]}
    />
    1
     
    Error
    <div
      className="sc-fFSRdu bgXqtm ui-components__error-bar-arrow"
    />
  </div>
</div>
`;
