// Jest Snapshot v1, https://goo.gl/fbAQLP

exports[`Navigation Storyshots Navigation Navigation 1`] = `
<div
  className="sc-fKgIGh kIuOko ui-components__navigation-wrapper"
>
  <a
    className="sc-bCwgka sc-iwaifL Lllle eesuxp ui-components__navigation-switch-title-active"
    onClick={[Function]}
  >
    NAVIGATION
  </a>
  <a
    className="sc-bCwgka sc-cxNIbT Lllle jqhJAJ ui-components__navigation-switch-title-inactive"
    onClick={[Function]}
  >
    FILES
  </a>
  <div
    className="sc-lmgQde enZzfF"
  >
    <div
      className="sc-iJCRLp sc-bYwzba cFghiT cXQmeY ui-components__navigation-header-clause"
      onClick={[Function]}
    >
      This is a clause heading
    </div>
    <div
      className="sc-iJCRLp cFghiT ui-components__navigation-header-one"
      onClick={[Function]}
    >
      This is a H1 heading
    </div>
    <div
      className="sc-iJCRLp sc-giAqnE cFghiT rcNdD ui-components__navigation-header-two"
      onClick={[Function]}
    >
      This is a H2 heading
    </div>
    <div
      className="sc-iJCRLp sc-ezzayL cFghiT eeBFp ui-components__navigation-header-three"
      onClick={[Function]}
    >
      This is a H3 heading
    </div>
  </div>
</div>
`;
