// Jest Snapshot v1, https://goo.gl/fbAQLP

exports[`formgenerator Tests #generateHTML generates a form from text with external model 1`] = `"<div><div class=\\"required field\\"><label>ISIN Code</label><div class=\\"ui input\\"><input type=\\"text\\" value=\\"\\"></div></div><div class=\\"required field\\"><label>Bond</label><div class=\\"required field\\"><label>Instrument Id</label><div class=\\"arrayElement grid\\"><div></div><div><button class=\\"ui basic icon positive button\\"><i aria-hidden=\\"true\\" class=\\"plus icon\\"></i></button></div></div></div><div class=\\"field\\"><label>Description</label><div class=\\"ui input\\"><input type=\\"text\\" value=\\"\\"></div></div><div class=\\"field\\"><label>Currency</label><div class=\\"required field\\"><div role=\\"listbox\\" aria-expanded=\\"false\\" class=\\"ui fluid selection dropdown\\" tabindex=\\"0\\"><div class=\\"text\\" role=\\"alert\\" aria-live=\\"polite\\" aria-atomic=\\"true\\"></div><i aria-hidden=\\"true\\" class=\\"dropdown icon\\"></i><div class=\\"menu transition\\"><div style=\\"pointer-events: all;\\" role=\\"option\\" aria-checked=\\"false\\" aria-selected=\\"true\\" class=\\"selected item\\"><span class=\\"text\\">AED</span></div><div style=\\"pointer-events: all;\\" role=\\"option\\" aria-checked=\\"false\\" aria-selected=\\"false\\" class=\\"item\\"><span class=\\"text\\">AFN</span></div><div style=\\"pointer-events: all;\\" role=\\"option\\" aria-checked=\\"false\\" aria-selected=\\"false\\" class=\\"item\\"><span class=\\"text\\">ALL</span></div><div style=\\"pointer-events: all;\\" role=\\"option\\" aria-checked=\\"false\\" aria-selected=\\"false\\" class=\\"item\\"><span class=\\"text\\">AMD</span></div><div style=\\"pointer-events: all;\\" role=\\"option\\" aria-checked=\\"false\\" aria-selected=\\"false\\" class=\\"item\\"><span class=\\"text\\">ANG</span></div><div style=\\"pointer-events: all;\\" role=\\"option\\" aria-checked=\\"false\\" aria-selected=\\"false\\" class=\\"item\\"><span class=\\"text\\">AOA</span></div><div style=\\"pointer-events: all;\\" role=\\"option\\" aria-checked=\\"false\\" aria-selected=\\"false\\" class=\\"item\\"><span class=\\"text\\">ARS</span></div><div style=\\"pointer-events: all;\\" role=\\"option\\" aria-checked=\\"false\\" aria-selected=\\"false\\" class=\\"item\\"><span class=\\"text\\">AUD</span></div><div style=\\"pointer-events: all;\\" role=\\"option\\" aria-checked=\\"false\\" aria-selected=\\"false\\" class=\\"item\\"><span class=\\"text\\">AWG</span></div><div style=\\"pointer-events: all;\\" role=\\"option\\" aria-checked=\\"false\\" aria-selected=\\"false\\" class=\\"item\\"><span class=\\"text\\">AZN</span></div><div style=\\"pointer-events: all;\\" role=\\"option\\" aria-checked=\\"false\\" aria-selected=\\"false\\" class=\\"item\\"><span class=\\"text\\">BAM</span></div><div style=\\"pointer-events: all;\\" role=\\"option\\" aria-checked=\\"false\\" aria-selected=\\"false\\" class=\\"item\\"><span class=\\"text\\">BBD</span></div><div style=\\"pointer-events: all;\\" role=\\"option\\" aria-checked=\\"false\\" aria-selected=\\"false\\" class=\\"item\\"><span class=\\"text\\">BDT</span></div><div style=\\"pointer-events: all;\\" role=\\"option\\" aria-checked=\\"false\\" aria-selected=\\"false\\" class=\\"item\\"><span class=\\"text\\">BGN</span></div><div style=\\"pointer-events: all;\\" role=\\"option\\" aria-checked=\\"false\\" aria-selected=\\"false\\" class=\\"item\\"><span class=\\"text\\">BHD</span></div><div style=\\"pointer-events: all;\\" role=\\"option\\" aria-checked=\\"false\\" aria-selected=\\"false\\" class=\\"item\\"><span class=\\"text\\">BIF</span></div><div style=\\"pointer-events: all;\\" role=\\"option\\" aria-checked=\\"false\\" aria-selected=\\"false\\" class=\\"item\\"><span class=\\"text\\">BMD</span></div><div style=\\"pointer-events: all;\\" role=\\"option\\" aria-checked=\\"false\\" aria-selected=\\"false\\" class=\\"item\\"><span class=\\"text\\">BND</span></div><div style=\\"pointer-events: all;\\" role=\\"option\\" aria-checked=\\"false\\" aria-selected=\\"false\\" class=\\"item\\"><span class=\\"text\\">BOB</span></div><div style=\\"pointer-events: all;\\" role=\\"option\\" aria-checked=\\"false\\" aria-selected=\\"false\\" class=\\"item\\"><span class=\\"text\\">BOV</span></div><div style=\\"pointer-events: all;\\" role=\\"option\\" aria-checked=\\"false\\" aria-selected=\\"false\\" class=\\"item\\"><span class=\\"text\\">BRL</span></div><div style=\\"pointer-events: all;\\" role=\\"option\\" aria-checked=\\"false\\" aria-selected=\\"false\\" class=\\"item\\"><span class=\\"text\\">BSD</span></div><div style=\\"pointer-events: all;\\" role=\\"option\\" aria-checked=\\"false\\" aria-selected=\\"false\\" class=\\"item\\"><span class=\\"text\\">BTN</span></div><div style=\\"pointer-events: all;\\" role=\\"option\\" aria-checked=\\"false\\" aria-selected=\\"false\\" class=\\"item\\"><span class=\\"text\\">BWP</span></div><div style=\\"pointer-events: all;\\" role=\\"option\\" aria-checked=\\"false\\" aria-selected=\\"false\\" class=\\"item\\"><span class=\\"text\\">BYN</span></div><div style=\\"pointer-events: all;\\" role=\\"option\\" aria-checked=\\"false\\" aria-selected=\\"false\\" class=\\"item\\"><span class=\\"text\\">BZD</span></div><div style=\\"pointer-events: all;\\" role=\\"option\\" aria-checked=\\"false\\" aria-selected=\\"false\\" class=\\"item\\"><span class=\\"text\\">CAD</span></div><div style=\\"pointer-events: all;\\" role=\\"option\\" aria-checked=\\"false\\" aria-selected=\\"false\\" class=\\"item\\"><span class=\\"text\\">CDF</span></div><div style=\\"pointer-events: all;\\" role=\\"option\\" aria-checked=\\"false\\" aria-selected=\\"false\\" class=\\"item\\"><span class=\\"text\\">CHE</span></div><div style=\\"pointer-events: all;\\" role=\\"option\\" aria-checked=\\"false\\" aria-selected=\\"false\\" class=\\"item\\"><span class=\\"text\\">CHF</span></div><div style=\\"pointer-events: all;\\" role=\\"option\\" aria-checked=\\"false\\" aria-selected=\\"false\\" class=\\"item\\"><span class=\\"text\\">CHW</span></div><div style=\\"pointer-events: all;\\" role=\\"option\\" aria-checked=\\"false\\" aria-selected=\\"false\\" class=\\"item\\"><span class=\\"text\\">CLF</span></div><div style=\\"pointer-events: all;\\" role=\\"option\\" aria-checked=\\"false\\" aria-selected=\\"false\\" class=\\"item\\"><span class=\\"text\\">CLP</span></div><div style=\\"pointer-events: all;\\" role=\\"option\\" aria-checked=\\"false\\" aria-selected=\\"false\\" class=\\"item\\"><span class=\\"text\\">CNY</span></div><div style=\\"pointer-events: all;\\" role=\\"option\\" aria-checked=\\"false\\" aria-selected=\\"false\\" class=\\"item\\"><span class=\\"text\\">COP</span></div><div style=\\"pointer-events: all;\\" role=\\"option\\" aria-checked=\\"false\\" aria-selected=\\"false\\" class=\\"item\\"><span class=\\"text\\">COU</span></div><div style=\\"pointer-events: all;\\" role=\\"option\\" aria-checked=\\"false\\" aria-selected=\\"false\\" class=\\"item\\"><span class=\\"text\\">CRC</span></div><div style=\\"pointer-events: all;\\" role=\\"option\\" aria-checked=\\"false\\" aria-selected=\\"false\\" class=\\"item\\"><span class=\\"text\\">CUC</span></div><div style=\\"pointer-events: all;\\" role=\\"option\\" aria-checked=\\"false\\" aria-selected=\\"false\\" class=\\"item\\"><span class=\\"text\\">CUP</span></div><div style=\\"pointer-events: all;\\" role=\\"option\\" aria-checked=\\"false\\" aria-selected=\\"false\\" class=\\"item\\"><span class=\\"text\\">CVE</span></div><div style=\\"pointer-events: all;\\" role=\\"option\\" aria-checked=\\"false\\" aria-selected=\\"false\\" class=\\"item\\"><span class=\\"text\\">CZK</span></div><div style=\\"pointer-events: all;\\" role=\\"option\\" aria-checked=\\"false\\" aria-selected=\\"false\\" class=\\"item\\"><span class=\\"text\\">DJF</span></div><div style=\\"pointer-events: all;\\" role=\\"option\\" aria-checked=\\"false\\" aria-selected=\\"false\\" class=\\"item\\"><span class=\\"text\\">DKK</span></div><div style=\\"pointer-events: all;\\" role=\\"option\\" aria-checked=\\"false\\" aria-selected=\\"false\\" class=\\"item\\"><span class=\\"text\\">DOP</span></div><div style=\\"pointer-events: all;\\" role=\\"option\\" aria-checked=\\"false\\" aria-selected=\\"false\\" class=\\"item\\"><span class=\\"text\\">DZD</span></div><div style=\\"pointer-events: all;\\" role=\\"option\\" aria-checked=\\"false\\" aria-selected=\\"false\\" class=\\"item\\"><span class=\\"text\\">EGP</span></div><div style=\\"pointer-events: all;\\" role=\\"option\\" aria-checked=\\"false\\" aria-selected=\\"false\\" class=\\"item\\"><span class=\\"text\\">ERN</span></div><div style=\\"pointer-events: all;\\" role=\\"option\\" aria-checked=\\"false\\" aria-selected=\\"false\\" class=\\"item\\"><span class=\\"text\\">ETB</span></div><div style=\\"pointer-events: all;\\" role=\\"option\\" aria-checked=\\"false\\" aria-selected=\\"false\\" class=\\"item\\"><span class=\\"text\\">EUR</span></div><div style=\\"pointer-events: all;\\" role=\\"option\\" aria-checked=\\"false\\" aria-selected=\\"false\\" class=\\"item\\"><span class=\\"text\\">FJD</span></div><div style=\\"pointer-events: all;\\" role=\\"option\\" aria-checked=\\"false\\" aria-selected=\\"false\\" class=\\"item\\"><span class=\\"text\\">FKP</span></div><div style=\\"pointer-events: all;\\" role=\\"option\\" aria-checked=\\"false\\" aria-selected=\\"false\\" class=\\"item\\"><span class=\\"text\\">GBP</span></div><div style=\\"pointer-events: all;\\" role=\\"option\\" aria-checked=\\"false\\" aria-selected=\\"false\\" class=\\"item\\"><span class=\\"text\\">GEL</span></div><div style=\\"pointer-events: all;\\" role=\\"option\\" aria-checked=\\"false\\" aria-selected=\\"false\\" class=\\"item\\"><span class=\\"text\\">GHS</span></div><div style=\\"pointer-events: all;\\" role=\\"option\\" aria-checked=\\"false\\" aria-selected=\\"false\\" class=\\"item\\"><span class=\\"text\\">GIP</span></div><div style=\\"pointer-events: all;\\" role=\\"option\\" aria-checked=\\"false\\" aria-selected=\\"false\\" class=\\"item\\"><span class=\\"text\\">GMD</span></div><div style=\\"pointer-events: all;\\" role=\\"option\\" aria-checked=\\"false\\" aria-selected=\\"false\\" class=\\"item\\"><span class=\\"text\\">GNF</span></div><div style=\\"pointer-events: all;\\" role=\\"option\\" aria-checked=\\"false\\" aria-selected=\\"false\\" class=\\"item\\"><span class=\\"text\\">GTQ</span></div><div style=\\"pointer-events: all;\\" role=\\"option\\" aria-checked=\\"false\\" aria-selected=\\"false\\" class=\\"item\\"><span class=\\"text\\">GYD</span></div><div style=\\"pointer-events: all;\\" role=\\"option\\" aria-checked=\\"false\\" aria-selected=\\"false\\" class=\\"item\\"><span class=\\"text\\">HKD</span></div><div style=\\"pointer-events: all;\\" role=\\"option\\" aria-checked=\\"false\\" aria-selected=\\"false\\" class=\\"item\\"><span class=\\"text\\">HNL</span></div><div style=\\"pointer-events: all;\\" role=\\"option\\" aria-checked=\\"false\\" aria-selected=\\"false\\" class=\\"item\\"><span class=\\"text\\">HRK</span></div><div style=\\"pointer-events: all;\\" role=\\"option\\" aria-checked=\\"false\\" aria-selected=\\"false\\" class=\\"item\\"><span class=\\"text\\">HTG</span></div><div style=\\"pointer-events: all;\\" role=\\"option\\" aria-checked=\\"false\\" aria-selected=\\"false\\" class=\\"item\\"><span class=\\"text\\">HUF</span></div><div style=\\"pointer-events: all;\\" role=\\"option\\" aria-checked=\\"false\\" aria-selected=\\"false\\" class=\\"item\\"><span class=\\"text\\">IDR</span></div><div style=\\"pointer-events: all;\\" role=\\"option\\" aria-checked=\\"false\\" aria-selected=\\"false\\" class=\\"item\\"><span class=\\"text\\">ILS</span></div><div style=\\"pointer-events: all;\\" role=\\"option\\" aria-checked=\\"false\\" aria-selected=\\"false\\" class=\\"item\\"><span class=\\"text\\">INR</span></div><div style=\\"pointer-events: all;\\" role=\\"option\\" aria-checked=\\"false\\" aria-selected=\\"false\\" class=\\"item\\"><span class=\\"text\\">IQD</span></div><div style=\\"pointer-events: all;\\" role=\\"option\\" aria-checked=\\"false\\" aria-selected=\\"false\\" class=\\"item\\"><span class=\\"text\\">IRR</span></div><div style=\\"pointer-events: all;\\" role=\\"option\\" aria-checked=\\"false\\" aria-selected=\\"false\\" class=\\"item\\"><span class=\\"text\\">ISK</span></div><div style=\\"pointer-events: all;\\" role=\\"option\\" aria-checked=\\"false\\" aria-selected=\\"false\\" class=\\"item\\"><span class=\\"text\\">JMD</span></div><div style=\\"pointer-events: all;\\" role=\\"option\\" aria-checked=\\"false\\" aria-selected=\\"false\\" class=\\"item\\"><span class=\\"text\\">JOD</span></div><div style=\\"pointer-events: all;\\" role=\\"option\\" aria-checked=\\"false\\" aria-selected=\\"false\\" class=\\"item\\"><span class=\\"text\\">JPY</span></div><div style=\\"pointer-events: all;\\" role=\\"option\\" aria-checked=\\"false\\" aria-selected=\\"false\\" class=\\"item\\"><span class=\\"text\\">KES</span></div><div style=\\"pointer-events: all;\\" role=\\"option\\" aria-checked=\\"false\\" aria-selected=\\"false\\" class=\\"item\\"><span class=\\"text\\">KGS</span></div><div style=\\"pointer-events: all;\\" role=\\"option\\" aria-checked=\\"false\\" aria-selected=\\"false\\" class=\\"item\\"><span class=\\"text\\">KHR</span></div><div style=\\"pointer-events: all;\\" role=\\"option\\" aria-checked=\\"false\\" aria-selected=\\"false\\" class=\\"item\\"><span class=\\"text\\">KMF</span></div><div style=\\"pointer-events: all;\\" role=\\"option\\" aria-checked=\\"false\\" aria-selected=\\"false\\" class=\\"item\\"><span class=\\"text\\">KPW</span></div><div style=\\"pointer-events: all;\\" role=\\"option\\" aria-checked=\\"false\\" aria-selected=\\"false\\" class=\\"item\\"><span class=\\"text\\">KRW</span></div><div style=\\"pointer-events: all;\\" role=\\"option\\" aria-checked=\\"false\\" aria-selected=\\"false\\" class=\\"item\\"><span class=\\"text\\">KWD</span></div><div style=\\"pointer-events: all;\\" role=\\"option\\" aria-checked=\\"false\\" aria-selected=\\"false\\" class=\\"item\\"><span class=\\"text\\">KYD</span></div><div style=\\"pointer-events: all;\\" role=\\"option\\" aria-checked=\\"false\\" aria-selected=\\"false\\" class=\\"item\\"><span class=\\"text\\">KZT</span></div><div style=\\"pointer-events: all;\\" role=\\"option\\" aria-checked=\\"false\\" aria-selected=\\"false\\" class=\\"item\\"><span class=\\"text\\">LAK</span></div><div style=\\"pointer-events: all;\\" role=\\"option\\" aria-checked=\\"false\\" aria-selected=\\"false\\" class=\\"item\\"><span class=\\"text\\">LBP</span></div><div style=\\"pointer-events: all;\\" role=\\"option\\" aria-checked=\\"false\\" aria-selected=\\"false\\" class=\\"item\\"><span class=\\"text\\">LKR</span></div><div style=\\"pointer-events: all;\\" role=\\"option\\" aria-checked=\\"false\\" aria-selected=\\"false\\" class=\\"item\\"><span class=\\"text\\">LRD</span></div><div style=\\"pointer-events: all;\\" role=\\"option\\" aria-checked=\\"false\\" aria-selected=\\"false\\" class=\\"item\\"><span class=\\"text\\">LSL</span></div><div style=\\"pointer-events: all;\\" role=\\"option\\" aria-checked=\\"false\\" aria-selected=\\"false\\" class=\\"item\\"><span class=\\"text\\">LYD</span></div><div style=\\"pointer-events: all;\\" role=\\"option\\" aria-checked=\\"false\\" aria-selected=\\"false\\" class=\\"item\\"><span class=\\"text\\">MAD</span></div><div style=\\"pointer-events: all;\\" role=\\"option\\" aria-checked=\\"false\\" aria-selected=\\"false\\" class=\\"item\\"><span class=\\"text\\">MDL</span></div><div style=\\"pointer-events: all;\\" role=\\"option\\" aria-checked=\\"false\\" aria-selected=\\"false\\" class=\\"item\\"><span class=\\"text\\">MGA</span></div><div style=\\"pointer-events: all;\\" role=\\"option\\" aria-checked=\\"false\\" aria-selected=\\"false\\" class=\\"item\\"><span class=\\"text\\">MKD</span></div><div style=\\"pointer-events: all;\\" role=\\"option\\" aria-checked=\\"false\\" aria-selected=\\"false\\" class=\\"item\\"><span class=\\"text\\">MMK</span></div><div style=\\"pointer-events: all;\\" role=\\"option\\" aria-checked=\\"false\\" aria-selected=\\"false\\" class=\\"item\\"><span class=\\"text\\">MNT</span></div><div style=\\"pointer-events: all;\\" role=\\"option\\" aria-checked=\\"false\\" aria-selected=\\"false\\" class=\\"item\\"><span class=\\"text\\">MOP</span></div><div style=\\"pointer-events: all;\\" role=\\"option\\" aria-checked=\\"false\\" aria-selected=\\"false\\" class=\\"item\\"><span class=\\"text\\">MRU</span></div><div style=\\"pointer-events: all;\\" role=\\"option\\" aria-checked=\\"false\\" aria-selected=\\"false\\" class=\\"item\\"><span class=\\"text\\">MUR</span></div><div style=\\"pointer-events: all;\\" role=\\"option\\" aria-checked=\\"false\\" aria-selected=\\"false\\" class=\\"item\\"><span class=\\"text\\">MVR</span></div><div style=\\"pointer-events: all;\\" role=\\"option\\" aria-checked=\\"false\\" aria-selected=\\"false\\" class=\\"item\\"><span class=\\"text\\">MWK</span></div><div style=\\"pointer-events: all;\\" role=\\"option\\" aria-checked=\\"false\\" aria-selected=\\"false\\" class=\\"item\\"><span class=\\"text\\">MXN</span></div><div style=\\"pointer-events: all;\\" role=\\"option\\" aria-checked=\\"false\\" aria-selected=\\"false\\" class=\\"item\\"><span class=\\"text\\">MXV</span></div><div style=\\"pointer-events: all;\\" role=\\"option\\" aria-checked=\\"false\\" aria-selected=\\"false\\" class=\\"item\\"><span class=\\"text\\">MYR</span></div><div style=\\"pointer-events: all;\\" role=\\"option\\" aria-checked=\\"false\\" aria-selected=\\"false\\" class=\\"item\\"><span class=\\"text\\">MZN</span></div><div style=\\"pointer-events: all;\\" role=\\"option\\" aria-checked=\\"false\\" aria-selected=\\"false\\" class=\\"item\\"><span class=\\"text\\">NAD</span></div><div style=\\"pointer-events: all;\\" role=\\"option\\" aria-checked=\\"false\\" aria-selected=\\"false\\" class=\\"item\\"><span class=\\"text\\">NGN</span></div><div style=\\"pointer-events: all;\\" role=\\"option\\" aria-checked=\\"false\\" aria-selected=\\"false\\" class=\\"item\\"><span class=\\"text\\">NIO</span></div><div style=\\"pointer-events: all;\\" role=\\"option\\" aria-checked=\\"false\\" aria-selected=\\"false\\" class=\\"item\\"><span class=\\"text\\">NOK</span></div><div style=\\"pointer-events: all;\\" role=\\"option\\" aria-checked=\\"false\\" aria-selected=\\"false\\" class=\\"item\\"><span class=\\"text\\">NPR</span></div><div style=\\"pointer-events: all;\\" role=\\"option\\" aria-checked=\\"false\\" aria-selected=\\"false\\" class=\\"item\\"><span class=\\"text\\">NZD</span></div><div style=\\"pointer-events: all;\\" role=\\"option\\" aria-checked=\\"false\\" aria-selected=\\"false\\" class=\\"item\\"><span class=\\"text\\">OMR</span></div><div style=\\"pointer-events: all;\\" role=\\"option\\" aria-checked=\\"false\\" aria-selected=\\"false\\" class=\\"item\\"><span class=\\"text\\">PAB</span></div><div style=\\"pointer-events: all;\\" role=\\"option\\" aria-checked=\\"false\\" aria-selected=\\"false\\" class=\\"item\\"><span class=\\"text\\">PEN</span></div><div style=\\"pointer-events: all;\\" role=\\"option\\" aria-checked=\\"false\\" aria-selected=\\"false\\" class=\\"item\\"><span class=\\"text\\">PGK</span></div><div style=\\"pointer-events: all;\\" role=\\"option\\" aria-checked=\\"false\\" aria-selected=\\"false\\" class=\\"item\\"><span class=\\"text\\">PHP</span></div><div style=\\"pointer-events: all;\\" role=\\"option\\" aria-checked=\\"false\\" aria-selected=\\"false\\" class=\\"item\\"><span class=\\"text\\">PKR</span></div><div style=\\"pointer-events: all;\\" role=\\"option\\" aria-checked=\\"false\\" aria-selected=\\"false\\" class=\\"item\\"><span class=\\"text\\">PLN</span></div><div style=\\"pointer-events: all;\\" role=\\"option\\" aria-checked=\\"false\\" aria-selected=\\"false\\" class=\\"item\\"><span class=\\"text\\">PYG</span></div><div style=\\"pointer-events: all;\\" role=\\"option\\" aria-checked=\\"false\\" aria-selected=\\"false\\" class=\\"item\\"><span class=\\"text\\">QAR</span></div><div style=\\"pointer-events: all;\\" role=\\"option\\" aria-checked=\\"false\\" aria-selected=\\"false\\" class=\\"item\\"><span class=\\"text\\">RON</span></div><div style=\\"pointer-events: all;\\" role=\\"option\\" aria-checked=\\"false\\" aria-selected=\\"false\\" class=\\"item\\"><span class=\\"text\\">RSD</span></div><div style=\\"pointer-events: all;\\" role=\\"option\\" aria-checked=\\"false\\" aria-selected=\\"false\\" class=\\"item\\"><span class=\\"text\\">RUB</span></div><div style=\\"pointer-events: all;\\" role=\\"option\\" aria-checked=\\"false\\" aria-selected=\\"false\\" class=\\"item\\"><span class=\\"text\\">RWF</span></div><div style=\\"pointer-events: all;\\" role=\\"option\\" aria-checked=\\"false\\" aria-selected=\\"false\\" class=\\"item\\"><span class=\\"text\\">SAR</span></div><div style=\\"pointer-events: all;\\" role=\\"option\\" aria-checked=\\"false\\" aria-selected=\\"false\\" class=\\"item\\"><span class=\\"text\\">SBD</span></div><div style=\\"pointer-events: all;\\" role=\\"option\\" aria-checked=\\"false\\" aria-selected=\\"false\\" class=\\"item\\"><span class=\\"text\\">SCR</span></div><div style=\\"pointer-events: all;\\" role=\\"option\\" aria-checked=\\"false\\" aria-selected=\\"false\\" class=\\"item\\"><span class=\\"text\\">SDG</span></div><div style=\\"pointer-events: all;\\" role=\\"option\\" aria-checked=\\"false\\" aria-selected=\\"false\\" class=\\"item\\"><span class=\\"text\\">SEK</span></div><div style=\\"pointer-events: all;\\" role=\\"option\\" aria-checked=\\"false\\" aria-selected=\\"false\\" class=\\"item\\"><span class=\\"text\\">SGD</span></div><div style=\\"pointer-events: all;\\" role=\\"option\\" aria-checked=\\"false\\" aria-selected=\\"false\\" class=\\"item\\"><span class=\\"text\\">SHP</span></div><div style=\\"pointer-events: all;\\" role=\\"option\\" aria-checked=\\"false\\" aria-selected=\\"false\\" class=\\"item\\"><span class=\\"text\\">SLL</span></div><div style=\\"pointer-events: all;\\" role=\\"option\\" aria-checked=\\"false\\" aria-selected=\\"false\\" class=\\"item\\"><span class=\\"text\\">SOS</span></div><div style=\\"pointer-events: all;\\" role=\\"option\\" aria-checked=\\"false\\" aria-selected=\\"false\\" class=\\"item\\"><span class=\\"text\\">SRD</span></div><div style=\\"pointer-events: all;\\" role=\\"option\\" aria-checked=\\"false\\" aria-selected=\\"false\\" class=\\"item\\"><span class=\\"text\\">SSP</span></div><div style=\\"pointer-events: all;\\" role=\\"option\\" aria-checked=\\"false\\" aria-selected=\\"false\\" class=\\"item\\"><span class=\\"text\\">STN</span></div><div style=\\"pointer-events: all;\\" role=\\"option\\" aria-checked=\\"false\\" aria-selected=\\"false\\" class=\\"item\\"><span class=\\"text\\">SVC</span></div><div style=\\"pointer-events: all;\\" role=\\"option\\" aria-checked=\\"false\\" aria-selected=\\"false\\" class=\\"item\\"><span class=\\"text\\">SYP</span></div><div style=\\"pointer-events: all;\\" role=\\"option\\" aria-checked=\\"false\\" aria-selected=\\"false\\" class=\\"item\\"><span class=\\"text\\">SZL</span></div><div style=\\"pointer-events: all;\\" role=\\"option\\" aria-checked=\\"false\\" aria-selected=\\"false\\" class=\\"item\\"><span class=\\"text\\">THB</span></div><div style=\\"pointer-events: all;\\" role=\\"option\\" aria-checked=\\"false\\" aria-selected=\\"false\\" class=\\"item\\"><span class=\\"text\\">TJS</span></div><div style=\\"pointer-events: all;\\" role=\\"option\\" aria-checked=\\"false\\" aria-selected=\\"false\\" class=\\"item\\"><span class=\\"text\\">TMT</span></div><div style=\\"pointer-events: all;\\" role=\\"option\\" aria-checked=\\"false\\" aria-selected=\\"false\\" class=\\"item\\"><span class=\\"text\\">TND</span></div><div style=\\"pointer-events: all;\\" role=\\"option\\" aria-checked=\\"false\\" aria-selected=\\"false\\" class=\\"item\\"><span class=\\"text\\">TOP</span></div><div style=\\"pointer-events: all;\\" role=\\"option\\" aria-checked=\\"false\\" aria-selected=\\"false\\" class=\\"item\\"><span class=\\"text\\">TRY</span></div><div style=\\"pointer-events: all;\\" role=\\"option\\" aria-checked=\\"false\\" aria-selected=\\"false\\" class=\\"item\\"><span class=\\"text\\">TTD</span></div><div style=\\"pointer-events: all;\\" role=\\"option\\" aria-checked=\\"false\\" aria-selected=\\"false\\" class=\\"item\\"><span class=\\"text\\">TWD</span></div><div style=\\"pointer-events: all;\\" role=\\"option\\" aria-checked=\\"false\\" aria-selected=\\"false\\" class=\\"item\\"><span class=\\"text\\">TZS</span></div><div style=\\"pointer-events: all;\\" role=\\"option\\" aria-checked=\\"false\\" aria-selected=\\"false\\" class=\\"item\\"><span class=\\"text\\">UAH</span></div><div style=\\"pointer-events: all;\\" role=\\"option\\" aria-checked=\\"false\\" aria-selected=\\"false\\" class=\\"item\\"><span class=\\"text\\">UGX</span></div><div style=\\"pointer-events: all;\\" role=\\"option\\" aria-checked=\\"false\\" aria-selected=\\"false\\" class=\\"item\\"><span class=\\"text\\">USD</span></div><div style=\\"pointer-events: all;\\" role=\\"option\\" aria-checked=\\"false\\" aria-selected=\\"false\\" class=\\"item\\"><span class=\\"text\\">USN</span></div><div style=\\"pointer-events: all;\\" role=\\"option\\" aria-checked=\\"false\\" aria-selected=\\"false\\" class=\\"item\\"><span class=\\"text\\">UYI</span></div><div style=\\"pointer-events: all;\\" role=\\"option\\" aria-checked=\\"false\\" aria-selected=\\"false\\" class=\\"item\\"><span class=\\"text\\">UYU</span></div><div style=\\"pointer-events: all;\\" role=\\"option\\" aria-checked=\\"false\\" aria-selected=\\"false\\" class=\\"item\\"><span class=\\"text\\">UZS</span></div><div style=\\"pointer-events: all;\\" role=\\"option\\" aria-checked=\\"false\\" aria-selected=\\"false\\" class=\\"item\\"><span class=\\"text\\">VEF</span></div><div style=\\"pointer-events: all;\\" role=\\"option\\" aria-checked=\\"false\\" aria-selected=\\"false\\" class=\\"item\\"><span class=\\"text\\">VND</span></div><div style=\\"pointer-events: all;\\" role=\\"option\\" aria-checked=\\"false\\" aria-selected=\\"false\\" class=\\"item\\"><span class=\\"text\\">VUV</span></div><div style=\\"pointer-events: all;\\" role=\\"option\\" aria-checked=\\"false\\" aria-selected=\\"false\\" class=\\"item\\"><span class=\\"text\\">WST</span></div><div style=\\"pointer-events: all;\\" role=\\"option\\" aria-checked=\\"false\\" aria-selected=\\"false\\" class=\\"item\\"><span class=\\"text\\">XAF</span></div><div style=\\"pointer-events: all;\\" role=\\"option\\" aria-checked=\\"false\\" aria-selected=\\"false\\" class=\\"item\\"><span class=\\"text\\">XAG</span></div><div style=\\"pointer-events: all;\\" role=\\"option\\" aria-checked=\\"false\\" aria-selected=\\"false\\" class=\\"item\\"><span class=\\"text\\">XAU</span></div><div style=\\"pointer-events: all;\\" role=\\"option\\" aria-checked=\\"false\\" aria-selected=\\"false\\" class=\\"item\\"><span class=\\"text\\">XBA</span></div><div style=\\"pointer-events: all;\\" role=\\"option\\" aria-checked=\\"false\\" aria-selected=\\"false\\" class=\\"item\\"><span class=\\"text\\">XBB</span></div><div style=\\"pointer-events: all;\\" role=\\"option\\" aria-checked=\\"false\\" aria-selected=\\"false\\" class=\\"item\\"><span class=\\"text\\">XBC</span></div><div style=\\"pointer-events: all;\\" role=\\"option\\" aria-checked=\\"false\\" aria-selected=\\"false\\" class=\\"item\\"><span class=\\"text\\">XBD</span></div><div style=\\"pointer-events: all;\\" role=\\"option\\" aria-checked=\\"false\\" aria-selected=\\"false\\" class=\\"item\\"><span class=\\"text\\">XCD</span></div><div style=\\"pointer-events: all;\\" role=\\"option\\" aria-checked=\\"false\\" aria-selected=\\"false\\" class=\\"item\\"><span class=\\"text\\">XDR</span></div><div style=\\"pointer-events: all;\\" role=\\"option\\" aria-checked=\\"false\\" aria-selected=\\"false\\" class=\\"item\\"><span class=\\"text\\">XOF</span></div><div style=\\"pointer-events: all;\\" role=\\"option\\" aria-checked=\\"false\\" aria-selected=\\"false\\" class=\\"item\\"><span class=\\"text\\">XPD</span></div><div style=\\"pointer-events: all;\\" role=\\"option\\" aria-checked=\\"false\\" aria-selected=\\"false\\" class=\\"item\\"><span class=\\"text\\">XPF</span></div><div style=\\"pointer-events: all;\\" role=\\"option\\" aria-checked=\\"false\\" aria-selected=\\"false\\" class=\\"item\\"><span class=\\"text\\">XPT</span></div><div style=\\"pointer-events: all;\\" role=\\"option\\" aria-checked=\\"false\\" aria-selected=\\"false\\" class=\\"item\\"><span class=\\"text\\">XSU</span></div><div style=\\"pointer-events: all;\\" role=\\"option\\" aria-checked=\\"false\\" aria-selected=\\"false\\" class=\\"item\\"><span class=\\"text\\">XTS</span></div><div style=\\"pointer-events: all;\\" role=\\"option\\" aria-checked=\\"false\\" aria-selected=\\"false\\" class=\\"item\\"><span class=\\"text\\">XUA</span></div><div style=\\"pointer-events: all;\\" role=\\"option\\" aria-checked=\\"false\\" aria-selected=\\"false\\" class=\\"item\\"><span class=\\"text\\">XXX</span></div><div style=\\"pointer-events: all;\\" role=\\"option\\" aria-checked=\\"false\\" aria-selected=\\"false\\" class=\\"item\\"><span class=\\"text\\">YER</span></div><div style=\\"pointer-events: all;\\" role=\\"option\\" aria-checked=\\"false\\" aria-selected=\\"false\\" class=\\"item\\"><span class=\\"text\\">ZAR</span></div><div style=\\"pointer-events: all;\\" role=\\"option\\" aria-checked=\\"false\\" aria-selected=\\"false\\" class=\\"item\\"><span class=\\"text\\">ZMW</span></div><div style=\\"pointer-events: all;\\" role=\\"option\\" aria-checked=\\"false\\" aria-selected=\\"false\\" class=\\"item\\"><span class=\\"text\\">ZWL</span></div></div></div></div></div><div class=\\"required field\\"><label>Exchange Id</label><div class=\\"arrayElement grid\\"><div></div><div><button class=\\"ui basic icon positive button\\"><i aria-hidden=\\"true\\" class=\\"plus icon\\"></i></button></div></div></div><div class=\\"field\\"><label>Clearance System</label><div class=\\"ui input\\"><input type=\\"text\\" value=\\"\\"></div></div><div class=\\"field\\"><label>Definition</label><div class=\\"ui input\\"><input type=\\"text\\" value=\\"\\"></div></div><div class=\\"field\\"><label>Seniority</label><div class=\\"ui input\\"><input type=\\"text\\" value=\\"\\"></div></div><div class=\\"field\\"><label>Coupon Type</label><div class=\\"required field\\"><div role=\\"listbox\\" aria-expanded=\\"false\\" class=\\"ui fluid selection dropdown\\" tabindex=\\"0\\"><div class=\\"text\\" role=\\"alert\\" aria-live=\\"polite\\" aria-atomic=\\"true\\"></div><i aria-hidden=\\"true\\" class=\\"dropdown icon\\"></i><div class=\\"menu transition\\"><div style=\\"pointer-events: all;\\" role=\\"option\\" aria-checked=\\"false\\" aria-selected=\\"true\\" class=\\"selected item\\"><span class=\\"text\\">FIXED</span></div><div style=\\"pointer-events: all;\\" role=\\"option\\" aria-checked=\\"false\\" aria-selected=\\"false\\" class=\\"item\\"><span class=\\"text\\">FLOATING</span></div></div></div></div></div><div class=\\"field\\"><label>Coupon Rate</label><div class=\\"ui input\\"><input type=\\"number\\" value=\\"\\"></div></div><div class=\\"required field\\"><label>Maturity</label><div class=\\"field\\"><div class=\\"ui icon input\\"><i aria-hidden=\\"true\\" class=\\"calendar icon\\"></i><input type=\\"text\\" tabindex=\\"0\\" value=\\"\\"></div></div></div><div class=\\"required field\\"><label>Par Value</label><div class=\\"ui input\\"><input type=\\"number\\" value=\\"\\"></div></div><div class=\\"required field\\"><label>Face Amount</label><div class=\\"ui input\\"><input type=\\"number\\" value=\\"\\"></div></div><div class=\\"required field\\"><label>Payment Frequency</label><div class=\\"required field\\"><label>Period Multiplier</label><div class=\\"ui input\\"><input type=\\"number\\" value=\\"\\"></div></div><div class=\\"required field\\"><label>Period</label><div class=\\"duration\\"><div><div class=\\"required field\\"><div class=\\"ui input\\"><input type=\\"number\\" value=\\"\\"></div></div></div><div><div class=\\"required field\\"><div class=\\"required field\\"><div role=\\"listbox\\" aria-expanded=\\"false\\" class=\\"ui fluid selection dropdown\\" tabindex=\\"0\\"><div class=\\"text\\" role=\\"alert\\" aria-live=\\"polite\\" aria-atomic=\\"true\\"></div><i aria-hidden=\\"true\\" class=\\"dropdown icon\\"></i><div class=\\"menu transition\\"><div style=\\"pointer-events: all;\\" role=\\"option\\" aria-checked=\\"false\\" aria-selected=\\"true\\" class=\\"selected item\\"><span class=\\"text\\">seconds</span></div><div style=\\"pointer-events: all;\\" role=\\"option\\" aria-checked=\\"false\\" aria-selected=\\"false\\" class=\\"item\\"><span class=\\"text\\">minutes</span></div><div style=\\"pointer-events: all;\\" role=\\"option\\" aria-checked=\\"false\\" aria-selected=\\"false\\" class=\\"item\\"><span class=\\"text\\">hours</span></div><div style=\\"pointer-events: all;\\" role=\\"option\\" aria-checked=\\"false\\" aria-selected=\\"false\\" class=\\"item\\"><span class=\\"text\\">days</span></div><div style=\\"pointer-events: all;\\" role=\\"option\\" aria-checked=\\"false\\" aria-selected=\\"false\\" class=\\"item\\"><span class=\\"text\\">weeks</span></div></div></div></div></div></div></div></div></div><div class=\\"required field\\"><label>Day Count Fraction</label><div class=\\"ui input\\"><input type=\\"text\\" value=\\"\\"></div></div><div class=\\"required field\\"><label>Issuer</label><div class=\\"ui input\\"><input type=\\"text\\" value=\\"\\"></div></div></div></div>"`;

exports[`formgenerator Tests #generateHTML generates a form from text with relationship 1`] = `"<div><div class=\\"required field\\"><label>$identifier</label><div class=\\"ui input\\"><input type=\\"text\\" value=\\"\\"></div></div><div class=\\"required field\\"><label>Amount</label><div class=\\"ui input\\"><input type=\\"number\\" value=\\"\\"></div></div><div class=\\"required field\\"><label>Address</label><div class=\\"required field\\"><label>Country</label><div class=\\"ui input\\"><input type=\\"text\\" value=\\"\\"></div></div></div><div class=\\"required field\\"><label>Product</label><div class=\\"ui input\\"><input type=\\"text\\" value=\\"\\"></div></div></div>"`;

exports[`formgenerator Tests #generateJSON generates default JSON for a model 1`] = `
Object {
  "$class": "org.accordproject.Order",
  "$identifier": StringMatching /\\(\\?:\\)/,
  "address": Object {
    "$class": "org.accordproject.Address",
    "country": "",
  },
  "amount": 0,
  "product": StringMatching /resource:org\\.accordproject\\.Product#/,
}
`;
