// Jest Snapshot v1, https://goo.gl/fbAQLP

exports[`formgenerator Tests #instantiate generates a form from text 1`] = `
<div>
  <div>
    <div
      class="required field"
    >
      <label
        for="name"
      >
        Name
      </label>
      <div
        class="ui input"
      >
        <input
          id="name"
          type="text"
          value="resource1"
        />
      </div>
    </div>
    <div
      class="required field"
    >
      <label>
        Address
      </label>
      <div
        class="required field"
      >
        <label
          for="address.$identifier"
        >
          $identifier
        </label>
        <div
          class="ui input"
        >
          <input
            id="address.$identifier"
            type="text"
            value="a9c0177b-f08f-417e-a956-7a7c9e9701e5"
          />
        </div>
      </div>
      <div
        class="required field"
      >
        <label
          for="address.street"
        >
          Street
        </label>
        <div
          class="ui input"
        >
          <input
            id="address.street"
            type="text"
            value=""
          />
        </div>
      </div>
      <div
        class="required field"
      >
        <label
          for="address.city"
        >
          City
        </label>
        <div
          class="ui input"
        >
          <input
            id="address.city"
            type="text"
            value=""
          />
        </div>
      </div>
      <div
        class="required field"
      >
        <label>
          Country
        </label>
        <div
          aria-expanded="false"
          class="ui fluid selection dropdown"
          role="listbox"
          tabindex="0"
        >
          <div
            aria-atomic="true"
            aria-live="polite"
            class="text"
            role="alert"
          >
            USA
          </div>
          <i
            aria-hidden="true"
            class="dropdown icon"
          />
          <div
            class="menu transition"
          >
            <div
              aria-checked="true"
              aria-selected="true"
              class="active selected item"
              role="option"
              style="pointer-events: all;"
            >
              <span
                class="text"
              >
                USA
              </span>
            </div>
            <div
              aria-checked="false"
              aria-selected="false"
              class="item"
              role="option"
              style="pointer-events: all;"
            >
              <span
                class="text"
              >
                UK
              </span>
            </div>
            <div
              aria-checked="false"
              aria-selected="false"
              class="item"
              role="option"
              style="pointer-events: all;"
            >
              <span
                class="text"
              >
                France
              </span>
            </div>
            <div
              aria-checked="false"
              aria-selected="false"
              class="item"
              role="option"
              style="pointer-events: all;"
            >
              <span
                class="text"
              >
                Sweden
              </span>
            </div>
          </div>
        </div>
      </div>
    </div>
    <div
      class="field"
    >
      <label>
        Children
      </label>
      <div
        class="arrayElement grid"
      >
        <div />
        <div>
          <button
            aria-label="Add an element to Children"
            class="ui basic circular icon button arrayButton"
          >
            <i
              aria-hidden="true"
              class="plus circle icon"
            />
          </button>
        </div>
      </div>
    </div>
  </div>
</div>
`;
